// Jest Snapshot v1, https://goo.gl/fbAQLP

exports[`<DisplayStrings /> Should render and match the snapshot 1`] = `
<div
  class="ContentWrapper-sc-1pl7b9y-0 kNVNXH"
>
  <h1
    class="DisplayStrings__ContentHeader-sc-1743nj8-0 jZIUMu"
  >
    Strings From Database:
  </h1>
  <ul
    class="UL-sc-16unqrb-0 PCfYS"
  />
</div>
`;
